// Jest Snapshot v1, https://goo.gl/fbAQLP

exports[`Home page component should render correctly 1`] = `
<Home>
  <div
    className="w-full h-full justify-center flex items-center"
  >
    Address book home page
  </div>
</Home>
`;
