// Jest Snapshot v1, https://goo.gl/fbAQLP

exports[`Not found page component should render correctly 1`] = `
<MemoryRouter
  keyLength={0}
>
  <Router
    history={
      Object {
        "action": "POP",
        "block": [Function],
        "canGo": [Function],
        "createHref": [Function],
        "entries": Array [
          Object {
            "hash": "",
            "pathname": "/",
            "search": "",
            "state": undefined,
          },
        ],
        "go": [Function],
        "goBack": [Function],
        "goForward": [Function],
        "index": 0,
        "length": 1,
        "listen": [Function],
        "location": Object {
          "hash": "",
          "pathname": "/",
          "search": "",
          "state": undefined,
        },
        "push": [Function],
        "replace": [Function],
      }
    }
  >
    <NotFound>
      <div
        className="flex justify-center min-h-screen"
      >
        <div
          className="w-full md:w-1/2 bg-white flex items-center justify-center"
        >
          <div
            className="max-w-sm m-8"
          >
            <div
              className="text-black text-5xl md:text-15xl font-black"
            >
              404
            </div>
            <div
              className="w-16 h-1 bg-purple-light my-3 md:my-6"
            />
            <p
              className="text-grey-darker text-2xl md:text-3xl font-light mb-8 leading-normal"
            >
              Sorry, the page you are looking for could not be found.
            </p>
            <Link
              to="/"
            >
              <LinkAnchor
                href="/"
                navigate={[Function]}
              >
                <a
                  href="/"
                  onClick={[Function]}
                >
                  Go home page
                </a>
              </LinkAnchor>
            </Link>
          </div>
        </div>
      </div>
    </NotFound>
  </Router>
</MemoryRouter>
`;
