// Jest Snapshot v1, https://goo.gl/fbAQLP

exports[`AlertMessage component should render correctly 1`] = `
<AlertMessage>
  <div
    className="z-10 border-t-4 bg-primary border-red-600 text-center py-2 lg:px-4 fixed bottom-0 left-0 w-full"
    data-testid="alert-message"
  >
    <div
      className="font-semibold text-red-600 px-4 text-center flex-auto"
    >
      <div
        data-testid="some-children-id"
      >
        Alert!
      </div>
    </div>
  </div>
</AlertMessage>
`;
