// Jest Snapshot v1, https://goo.gl/fbAQLP

exports[`Spinner component should render correctly 1`] = `
<Spinner>
  <div
    className="spinner border-t-4 border-red-600 rounded-full w-10 h-10"
  />
</Spinner>
`;
